AKT1 AGC
AKT2 AGC
AKT3 AGC
CRIK AGC
DMPK1 AGC
DMPK2 AGC
MRCKa AGC
MRCKb AGC
ROCK1 AGC
ROCK2 AGC
BARK1 AGC
BARK2 AGC
GPRK4 AGC
GPRK5 AGC
GPRK6 AGC
GPRK7 AGC
RHOK AGC
MAST1 AGC
MAST2 AGC
MAST3 AGC
MAST4 AGC
MASTL AGC
LATS1 AGC
LATS2 AGC
NDR1 AGC
NDR2 AGC
PDK1 AGC
PKACa AGC
PKACb AGC
PKACg AGC
PRKX AGC
PRKY AGC
PKCa AGC
PKCb AGC
PKCg AGC
PKCd AGC
PKCt AGC
PKCe AGC
PKCh AGC
PKCi AGC
PKCz AGC
PKG1 AGC
PKG2 AGC
PKN1 AGC
PKN2 AGC
PKN3 AGC
MSK1 AGC
MSK2 AGC
p70S6K AGC
p70S6Kb AGC
RSK1 AGC
RSK2 AGC
RSK3 AGC
RSK4 AGC
RSKL1 AGC
RSKL2 AGC
SgK494 AGC
SGK1 AGC
SGK2 AGC
SGK3 AGC
YANK1 AGC
YANK2 AGC
YANK3 AGC
ADCK3 Atypical
ADCK4 Atypical
ADCK1 Atypical
ADCK2 Atypical
ADCK5 Atypical
AlphaK1 Atypical
AlphaK2 Atypical
AlphaK3 Atypical
ChaK1 Atypical
ChaK2 Atypical
eEF2K Atypical
BAZ1A Atypical
BAZ1B Atypical
ABR Atypical
BCR Atypical
BLVRA Atypical
BRD2 Atypical
BRD3 Atypical
BRD4 Atypical
BRDT Atypical
Col4A3BP Atypical
FASTK Atypical
G11 Atypical
GTF2F1 Atypical
BCKDK Atypical
PDHK1 Atypical
PDHK2 Atypical
PDHK3 Atypical
PDHK4 Atypical
ATM Atypical
ATR Atypical
DNAPK Atypical
FRAP Atypical
SMG1 Atypical
TRRAP Atypical
RIOK1 Atypical
RIOK2 Atypical
RIOK3 Atypical
TAF1 Atypical
TAF1L Atypical
TIF1D Atypical
TIF1a Atypical
TIF1b Atypical
TIF1g Atypical
VACAMKL CAMK
CaMK1a CAMK
CaMK1b CAMK
CaMK1d CAMK
CaMK1g CAMK
CaMK4 CAMK
CaMK2a CAMK
CaMK2b CAMK
CaMK2d CAMK
CaMK2g CAMK
AMPKa1 CAMK
AMPKa2 CAMK
BRSK1 CAMK
BRSK2 CAMK
CHK1 CAMK
HUNK CAMK
LKB1 CAMK
MARK1 CAMK
MARK2 CAMK
MARK3 CAMK
MARK4 CAMK
MELK CAMK
NIM1 CAMK
NuaK1 CAMK
NuaK2 CAMK
PASK CAMK
QIK CAMK
QSK CAMK
SIK CAMK
SNRK CAMK
CASK CAMK
DAPK1 CAMK
DAPK2 CAMK
DAPK3 CAMK
DRAK1 CAMK
DRAK2 CAMK
DCLK1 CAMK
DCLK2 CAMK
DCLK3 CAMK
MAPKAPK2 CAMK
MAPKAPK3 CAMK
MAPKAPK5 CAMK
MNK1 CAMK
MNK2 CAMK
SgK085 CAMK
TTN CAMK
caMLCK CAMK
skMLCK CAMK
smMLCK CAMK
PHKg1 CAMK
PHKg2 CAMK
PIM1 CAMK
PIM2 CAMK
PIM3 CAMK
PKD1 CAMK
PKD2 CAMK
PKD3 CAMK
PSKH1 CAMK
PSKH2 CAMK
CHK2 CAMK
STK33 CAMK
SgK495 CAMK
SSTK CAMK
TSSK1 CAMK
TSSK2 CAMK
TSSK3 CAMK
TSSK4 CAMK
Trb1 CAMK
Trb2 CAMK
Trb3 CAMK
Obscn CAMK
SPEG CAMK
Trad CAMK
Trio CAMK
CK1a CK1
CK1a2 CK1
CK1d CK1
CK1e CK1
CK1g1 CK1
CK1g2 CK1
CK1g3 CK1
TTBK1 CK1
TTBK2 CK1
VRK1 CK1
VRK2 CK1
VRK3 CK1
CCRK CMGC
CDC2 CMGC
CDK10 CMGC
CDK11a CMGC
CDK11b CMGC
CDK2 CMGC
CDK3 CMGC
CDK4 CMGC
CDK6 CMGC
CDK5 CMGC
CDK7 CMGC
CDK19 CMGC
CDK8 CMGC
CDK9 CMGC
CHED CMGC
CRK7 CMGC
PCTAIRE1 CMGC
PCTAIRE2 CMGC
PCTAIRE3 CMGC
PFTAIRE1 CMGC
PFTAIRE2 CMGC
CDKL1 CMGC
CDKL2 CMGC
CDKL3 CMGC
CDKL4 CMGC
CDKL5 CMGC
CK2a1 CMGC
CK2a2 CMGC
CLK1 CMGC
CLK2 CMGC
CLK3 CMGC
CLK4 CMGC
DYRK1A CMGC
DYRK1B CMGC
DYRK2 CMGC
DYRK3 CMGC
DYRK4 CMGC
HIPK1 CMGC
HIPK2 CMGC
HIPK3 CMGC
HIPK4 CMGC
PRP4 CMGC
GSK3A CMGC
GSK3B CMGC
Erk1 CMGC
Erk2 CMGC
Erk3 CMGC
Erk4 CMGC
Erk5 CMGC
Erk7 CMGC
JNK1 CMGC
JNK2 CMGC
JNK3 CMGC
NLK CMGC
p38a CMGC
p38b CMGC
p38d CMGC
p38g CMGC
ICK CMGC
MAK CMGC
MOK CMGC
MSSK1 CMGC
SRPK1 CMGC
SRPK2 CMGC
NME1A NDK
NME1B NDK
NME3 NDK
NME4 NDK
NME5 NDK
NME6 NDK
NME7a NDK
TXNDC3 NDK
TXNDC6 NDK
AurA Other
AurB Other
AurC Other
BUB1 Other
BUBR1 Other
PRPK Other
CaMKK1 Other
CaMKK2 Other
CDC7 Other
Dusty Other
Haspin Other
IKKa Other
IKKb Other
IKKe Other
TBK1 Other
IRE1 Other
IRE2 Other
KIS Other
MOS Other
AAK1 Other
BIKE Other
GAK Other
MPSK1 Other
NEK1 Other
NEK3 Other
NEK5 Other
NEK10 Other
NEK11 Other
NEK2 Other
NEK4 Other
NEK6 Other
NEK7 Other
NEK8 Other
NEK9 Other
SBK Other
SgK069 Other
SgK110 Other
PINK1 Other
SgK223 Other
SgK269 Other
CLIK1 Other
CLIK1L Other
SgK307 Other
NRBP1 Other
NRBP2 Other
RNAseL Other
SgK196 Other
SgK396 Other
PAN3 Other
GCN2 Other
HRI Other
PEK Other
PKR Other
PLK1 Other
PLK2 Other
PLK3 Other
PLK4 Other
SCYL1 Other
SCYL2 Other
SCYL3 Other
SgK071 Other
SgK493 Other
Slob Other
TBCK Other
TLK1 Other
TLK2 Other
PBK Other
TTK Other
Fused Other
ULK1 Other
ULK2 Other
ULK3 Other
ULK4 Other
PIK3R4 Other
MYT1 Other
Wee1 Other
Wee1B Other
Wnk1 Other
Wnk2 Other
Wnk3 Other
Wnk4 Other
FAM198A PKL
FAM198B PKL
FAM20A PKL
FAM20B PKL
FAM20C PKL
FJB1 PKL
ANPa RGC
ANPb RGC
CYGD RGC
CYGF RGC
HSER RGC
COT STE
NIK STE
MAP3K5 STE
MAP3K6 STE
MAP3K7 STE
MAP3K1 STE
MEKK15 STE
MAP3K2 STE
MAP3K3 STE
MAP3K4 STE
OSR1 STE
STLK3 STE
GCK STE
HPK1 STE
KHS1 STE
KHS2 STE
HGK STE
MINK STE
NRK STE
TNIK STE
MST1 STE
MST2 STE
MYO3A STE
MYO3B STE
PAK1 STE
PAK2 STE
PAK3 STE
PAK4 STE
PAK5 STE
PAK6 STE
LOK STE
SLK STE
STLK5 STE
STLK6 STE
TAO1 STE
TAO2 STE
TAO3 STE
MST3 STE
MST4 STE
YSK1 STE
MAP2K1 STE
MAP2K2 STE
MAP2K3 STE
MAP2K6 STE
MAP2K4 STE
MAP2K5 STE
MAP2K7 STE
ALK TK
LTK TK
ABL1 TK
ABL2 TK
ACK TK
TNK1 TK
AXL TK
MER TK
TYRO3 TK
CCK4 TK
CSK TK
CTK TK
DDR1 TK
DDR2 TK
EGFR TK
ErbB2 TK
ErbB3 TK
ErbB4 TK
EphA1 TK
EphA10 TK
EphA2 TK
EphA3 TK
EphA4 TK
EphA5 TK
EphA6 TK
EphA7 TK
EphA8 TK
EphB1 TK
EphB2 TK
EphB3 TK
EphB4 TK
EphB6 TK
FAK TK
PYK2 TK
FGFR1 TK
FGFR2 TK
FGFR3 TK
FGFR4 TK
FER TK
FES TK
IGF1R TK
INSR TK
IRR TK
JAK1 TK
JAK2 TK
JAK3 TK
TYK2 TK
LMR1 TK
LMR2 TK
LMR3 TK
MET TK
RON TK
MUSK TK
FLT3 TK
FMS TK
KIT TK
PDGFRa TK
PDGFRb TK
RET TK
ROR1 TK
ROR2 TK
RYK TK
ROS TK
FRK TK
BRK TK
SRM TK
FGR TK
FYN TK
SRC TK
YES TK
BLK TK
HCK TK
LCK TK
LYN TK
SYK TK
ZAP70 TK
SuRTK106 TK
BMX TK
BTK TK
ITK TK
TEC TK
TXK TK
TIE1 TK
TIE2 TK
TRKA TK
TRKB TK
TRKC TK
FLT1 TK
FLT4 TK
KDR TK
IRAK1 TKL
IRAK2 TKL
IRAK3 TKL
IRAK4 TKL
LIMK1 TKL
LIMK2 TKL
TESK1 TKL
TESK2 TKL
LRRK1 TKL
LRRK2 TKL
HH498 TKL
ILK TKL
DLK TKL
LZK TKL
MLK1 TKL
MLK2 TKL
MLK3 TKL
MLK4 TKL
TAK1 TKL
ZAK TKL
KSR1 TKL
KSR2 TKL
ARAF TKL
BRAF TKL
RAF1 TKL
ANKRD3 TKL
RIPK1 TKL
RIPK2 TKL
RIPK3 TKL
SgK288 TKL
ALK1 TKL
ALK2 TKL
ALK4 TKL
ALK7 TKL
BMPR1A TKL
BMPR1B TKL
TGFbR1 TKL
ACTR2 TKL
ACTR2B TKL
BMPR2 TKL
MISR2 TKL
TGFbR2 TKL
MLKL TKL
